Put Joe User Name
Put Joe User
Put Joe User
Put Joe User
